[System-Calls]
allow = [
        "chown"
]

kill = [
        "write"
]

trap = [
        "open"
]