{
 "defaultAction": "SCMP_ACT_KILL",
 "architectures": [
  "SCMP_ARCH_MIPS",
  "SCMP_ARCH_X86"
 ],
 "syscalls": [
  {
   "names": [
    "chown",
    "chown32",
    "fchown",
    "fchown32",
    "fchownat",
    "lchown",
    "lchown32"
   ],
   "action": "SCMP_ACT_ALLOW"
  },
  {
   "names": [
    "sendto",
    "recvfrom",
    "socket",
    "connect"
   ],
   "action": "SCMP_ACT_ALLOW"
  }
 ]
}