{
 "defaultAction": "SCMP_ACT_ALLOW",
 "syscalls": [
  {
   "names": [
    "open"
   ],
   "action": "SCMP_ACT_TRAP"
  },
  {
   "names": [
    "write"
   ],
   "action": "SCMP_ACT_KILL"
  },
  {
   "names": [
    "chown"
   ],
   "action": "SCMP_ACT_ERRNO"
  }
 ]
}
